// Jest Snapshot v1, https://goo.gl/fbAQLP

exports[`Highlight renders 1`] = `
<pre
  className="language-javascript"
  style={
    Object {
      "position": "relative",
    }
  }
>
  <button
    onClick={[Function]}
    style={
      Object {
        "position": "absolute",
        "right": "1rem",
      }
    }
  >
    Copy
  </button>
  <code
    dangerouslySetInnerHTML={
      Object {
        "__html": "",
      }
    }
  />
</pre>
`;
