// Jest Snapshot v1, https://goo.gl/fbAQLP

exports[`Highlight renders 1`] = `
<div
  style={
    Object {
      "position": "relative",
    }
  }
>
  <button
    onClick={[Function]}
    style={
      Object {
        "position": "absolute",
        "right": "1rem",
      }
    }
  >
    Copy
  </button>
  <textarea
    readOnly={true}
    style={
      Object {
        "minHeight": "100px",
        "resize": "vertical",
        "width": "100%",
      }
    }
    value=""
  />
</div>
`;
