// Jest Snapshot v1, https://goo.gl/fbAQLP

exports[`blocks #preserveBlockByText works 1`] = `
Object {
  "blocks": Array [
    Object {
      "data": Object {},
      "depth": 0,
      "entityRanges": Array [],
      "inlineStyleRanges": Array [],
      "key": "a",
      "text": "test",
      "type": "unstyled",
    },
    Object {
      "data": Object {},
      "depth": 0,
      "entityRanges": Array [],
      "inlineStyleRanges": Array [],
      "key": "b",
      "text": "· Bullet 0",
      "type": "unordered-list-item",
    },
    Object {
      "data": Object {},
      "depth": 0,
      "entityRanges": Array [],
      "inlineStyleRanges": Array [],
      "key": "c",
      "text": "•	Bullet 0",
      "type": "unordered-list-item",
    },
    Object {
      "data": Object {},
      "depth": 0,
      "entityRanges": Array [],
      "inlineStyleRanges": Array [],
      "key": "d",
      "text": "•Bullet 0",
      "type": "unordered-list-item",
    },
    Object {
      "data": Object {},
      "depth": 0,
      "entityRanges": Array [],
      "inlineStyleRanges": Array [],
      "key": "e",
      "text": "📷 Bullet 0",
      "type": "unordered-list-item",
    },
    Object {
      "data": Object {},
      "depth": 0,
      "entityRanges": Array [],
      "inlineStyleRanges": Array [],
      "key": "f",
      "text": "	Bullet 0",
      "type": "unordered-list-item",
    },
    Object {
      "data": Object {},
      "depth": 0,
      "entityRanges": Array [],
      "inlineStyleRanges": Array [],
      "key": "g",
      "text": " 	Bullet 0",
      "type": "unordered-list-item",
    },
    Object {
      "data": Object {},
      "depth": 1,
      "entityRanges": Array [],
      "inlineStyleRanges": Array [],
      "key": "i",
      "text": "◦Bullet 1",
      "type": "unordered-list-item",
    },
    Object {
      "data": Object {},
      "depth": 1,
      "entityRanges": Array [],
      "inlineStyleRanges": Array [],
      "key": "j",
      "text": "o Bullet 1",
      "type": "unordered-list-item",
    },
    Object {
      "data": Object {},
      "depth": 1,
      "entityRanges": Array [],
      "inlineStyleRanges": Array [],
      "key": "k",
      "text": "o	Bullet 1",
      "type": "unordered-list-item",
    },
    Object {
      "data": Object {},
      "depth": 2,
      "entityRanges": Array [],
      "inlineStyleRanges": Array [],
      "key": "l",
      "text": "§ Bullet 2",
      "type": "unordered-list-item",
    },
    Object {
      "data": Object {},
      "depth": 2,
      "entityRanges": Array [],
      "inlineStyleRanges": Array [],
      "key": "m",
      "text": "	Bullet 2",
      "type": "unordered-list-item",
    },
    Object {
      "data": Object {},
      "depth": 2,
      "entityRanges": Array [],
      "inlineStyleRanges": Array [],
      "key": "n",
      "text": "◾Bullet 2",
      "type": "unordered-list-item",
    },
    Object {
      "data": Object {},
      "depth": 0,
      "entityRanges": Array [],
      "inlineStyleRanges": Array [],
      "key": "o",
      "text": "1. Numbered 0",
      "type": "ordered-list-item",
    },
    Object {
      "data": Object {},
      "depth": 0,
      "entityRanges": Array [],
      "inlineStyleRanges": Array [],
      "key": "p",
      "text": "19. Numbered 0",
      "type": "ordered-list-item",
    },
    Object {
      "data": Object {},
      "depth": 0,
      "entityRanges": Array [],
      "inlineStyleRanges": Array [],
      "key": "q",
      "text": "1.	Numbered 0",
      "type": "ordered-list-item",
    },
    Object {
      "data": Object {},
      "depth": 0,
      "entityRanges": Array [],
      "inlineStyleRanges": Array [],
      "key": "r",
      "text": "19.	Numbered 0",
      "type": "ordered-list-item",
    },
    Object {
      "data": Object {},
      "depth": 2,
      "entityRanges": Array [],
      "inlineStyleRanges": Array [],
      "key": "s",
      "text": "i. Numbered 2",
      "type": "ordered-list-item",
    },
    Object {
      "data": Object {},
      "depth": 2,
      "entityRanges": Array [],
      "inlineStyleRanges": Array [],
      "key": "t",
      "text": "xviii. Numbered 2",
      "type": "ordered-list-item",
    },
    Object {
      "data": Object {},
      "depth": 2,
      "entityRanges": Array [],
      "inlineStyleRanges": Array [],
      "key": "u",
      "text": "i.	Numbered 2",
      "type": "ordered-list-item",
    },
    Object {
      "data": Object {},
      "depth": 2,
      "entityRanges": Array [],
      "inlineStyleRanges": Array [],
      "key": "v",
      "text": "xviii.	Numbered 2",
      "type": "ordered-list-item",
    },
    Object {
      "data": Object {},
      "depth": 1,
      "entityRanges": Array [],
      "inlineStyleRanges": Array [],
      "key": "w",
      "text": "a. Numbered 1",
      "type": "ordered-list-item",
    },
    Object {
      "data": Object {},
      "depth": 1,
      "entityRanges": Array [],
      "inlineStyleRanges": Array [],
      "key": "x",
      "text": "z. Numbered 1",
      "type": "ordered-list-item",
    },
    Object {
      "data": Object {},
      "depth": 1,
      "entityRanges": Array [],
      "inlineStyleRanges": Array [],
      "key": "y",
      "text": "a.	Numbered 1",
      "type": "ordered-list-item",
    },
    Object {
      "data": Object {},
      "depth": 1,
      "entityRanges": Array [],
      "inlineStyleRanges": Array [],
      "key": "z",
      "text": "z.	Numbered 1",
      "type": "ordered-list-item",
    },
  ],
  "entityMap": Object {},
}
`;
