// Jest Snapshot v1, https://goo.gl/fbAQLP

exports[`editor #filterEditorState works 1`] = `
Object {
  "blocks": Array [
    Object {
      "data": Object {},
      "depth": 0,
      "entityRanges": Array [
        Object {
          "key": 0,
          "length": 1,
          "offset": 0,
        },
      ],
      "inlineStyleRanges": Array [],
      "key": "a",
      "text": " ",
      "type": "atomic",
    },
    Object {
      "data": Object {},
      "depth": 0,
      "entityRanges": Array [
        Object {
          "key": 1,
          "length": 1,
          "offset": 0,
        },
      ],
      "inlineStyleRanges": Array [],
      "key": "b",
      "text": " ",
      "type": "atomic",
    },
    Object {
      "data": Object {},
      "depth": 0,
      "entityRanges": Array [],
      "inlineStyleRanges": Array [],
      "key": "c",
      "text": " ",
      "type": "unstyled",
    },
    Object {
      "data": Object {},
      "depth": 0,
      "entityRanges": Array [],
      "inlineStyleRanges": Array [],
      "key": "d",
      "text": "Star list",
      "type": "unordered-list-item",
    },
    Object {
      "data": Object {},
      "depth": 0,
      "entityRanges": Array [],
      "inlineStyleRanges": Array [],
      "key": "e",
      "text": "0",
      "type": "ordered-list-item",
    },
    Object {
      "data": Object {},
      "depth": 1,
      "entityRanges": Array [],
      "inlineStyleRanges": Array [],
      "key": "g",
      "text": "2",
      "type": "unordered-list-item",
    },
    Object {
      "data": Object {},
      "depth": 0,
      "entityRanges": Array [],
      "inlineStyleRanges": Array [],
      "key": "ab",
      "text": "Bullet 0",
      "type": "unordered-list-item",
    },
    Object {
      "data": Object {},
      "depth": 0,
      "entityRanges": Array [],
      "inlineStyleRanges": Array [],
      "key": "ac",
      "text": "Bullet 0",
      "type": "unordered-list-item",
    },
    Object {
      "data": Object {},
      "depth": 0,
      "entityRanges": Array [],
      "inlineStyleRanges": Array [],
      "key": "ad",
      "text": "   ",
      "type": "unstyled",
    },
    Object {
      "data": Object {},
      "depth": 1,
      "entityRanges": Array [],
      "inlineStyleRanges": Array [],
      "key": "ae",
      "text": "Bullet 1",
      "type": "unordered-list-item",
    },
    Object {
      "data": Object {},
      "depth": 1,
      "entityRanges": Array [],
      "inlineStyleRanges": Array [],
      "key": "af",
      "text": "Bullet 2",
      "type": "unordered-list-item",
    },
    Object {
      "data": Object {},
      "depth": 0,
      "entityRanges": Array [],
      "inlineStyleRanges": Array [],
      "key": "ag",
      "text": "Numbered 0",
      "type": "ordered-list-item",
    },
    Object {
      "data": Object {},
      "depth": 1,
      "entityRanges": Array [],
      "inlineStyleRanges": Array [],
      "key": "ah",
      "text": "Numbered 2",
      "type": "ordered-list-item",
    },
    Object {
      "data": Object {},
      "depth": 1,
      "entityRanges": Array [],
      "inlineStyleRanges": Array [],
      "key": "ai",
      "text": "Numbered 1",
      "type": "ordered-list-item",
    },
    Object {
      "data": Object {},
      "depth": 0,
      "entityRanges": Array [],
      "inlineStyleRanges": Array [],
      "key": "h",
      "text": "0",
      "type": "unordered-list-item",
    },
    Object {
      "data": Object {},
      "depth": 1,
      "entityRanges": Array [],
      "inlineStyleRanges": Array [],
      "key": "i",
      "text": "1",
      "type": "unordered-list-item",
    },
    Object {
      "data": Object {},
      "depth": 1,
      "entityRanges": Array [],
      "inlineStyleRanges": Array [],
      "key": "j",
      "text": "2",
      "type": "unordered-list-item",
    },
    Object {
      "data": Object {},
      "depth": 0,
      "entityRanges": Array [],
      "inlineStyleRanges": Array [],
      "key": "k",
      "text": "P",
      "type": "unstyled",
    },
    Object {
      "data": Object {},
      "depth": 0,
      "entityRanges": Array [],
      "inlineStyleRanges": Array [],
      "key": "l",
      "text": "UL",
      "type": "unordered-list-item",
    },
    Object {
      "data": Object {},
      "depth": 0,
      "entityRanges": Array [],
      "inlineStyleRanges": Array [],
      "key": "m",
      "text": "H1",
      "type": "unstyled",
    },
    Object {
      "data": Object {},
      "depth": 0,
      "entityRanges": Array [],
      "inlineStyleRanges": Array [
        Object {
          "length": 1,
          "offset": 0,
          "style": "BOLD",
        },
        Object {
          "length": 1,
          "offset": 2,
          "style": "BOLD",
        },
      ],
      "key": "n",
      "text": "tes",
      "type": "unstyled",
    },
    Object {
      "data": Object {},
      "depth": 0,
      "entityRanges": Array [
        Object {
          "key": 2,
          "length": 1,
          "offset": 0,
        },
      ],
      "inlineStyleRanges": Array [],
      "key": "o",
      "text": " ",
      "type": "atomic",
    },
    Object {
      "data": Object {},
      "depth": 0,
      "entityRanges": Array [
        Object {
          "key": 3,
          "length": 1,
          "offset": 0,
        },
      ],
      "inlineStyleRanges": Array [],
      "key": "p",
      "text": " ",
      "type": "atomic",
    },
    Object {
      "data": Object {},
      "depth": 0,
      "entityRanges": Array [
        Object {
          "key": 4,
          "length": 1,
          "offset": 0,
        },
      ],
      "inlineStyleRanges": Array [],
      "key": "t",
      "text": " ",
      "type": "atomic",
    },
    Object {
      "data": Object {},
      "depth": 0,
      "entityRanges": Array [
        Object {
          "key": 5,
          "length": 2,
          "offset": 0,
        },
      ],
      "inlineStyleRanges": Array [],
      "key": "u",
      "text": "test",
      "type": "unstyled",
    },
    Object {
      "data": Object {},
      "depth": 0,
      "entityRanges": Array [],
      "inlineStyleRanges": Array [],
      "key": "v",
      "text": "shouldRemoveImageEntity ",
      "type": "unstyled",
    },
    Object {
      "data": Object {},
      "depth": 0,
      "entityRanges": Array [
        Object {
          "key": 6,
          "length": 4,
          "offset": 0,
        },
      ],
      "inlineStyleRanges": Array [],
      "key": "x",
      "text": "link",
      "type": "unstyled",
    },
    Object {
      "data": Object {},
      "depth": 0,
      "entityRanges": Array [
        Object {
          "key": 7,
          "length": 4,
          "offset": 0,
        },
        Object {
          "key": 8,
          "length": 4,
          "offset": 5,
        },
      ],
      "inlineStyleRanges": Array [],
      "key": "y",
      "text": "link link",
      "type": "unstyled",
    },
    Object {
      "data": Object {},
      "depth": 0,
      "entityRanges": Array [],
      "inlineStyleRanges": Array [],
      "key": "z",
      "text": "So ft",
      "type": "unstyled",
    },
    Object {
      "data": Object {},
      "depth": 0,
      "entityRanges": Array [],
      "inlineStyleRanges": Array [
        Object {
          "length": 3,
          "offset": 0,
          "style": "BOLD",
        },
      ],
      "key": "aa",
      "text": "Ta bs",
      "type": "unstyled",
    },
  ],
  "entityMap": Object {
    "0": Object {
      "data": Object {
        "src": "/0.png",
      },
      "mutability": undefined,
      "type": "IMAGE",
    },
    "1": Object {
      "data": Object {
        "src": "/0.png",
      },
      "mutability": undefined,
      "type": "IMAGE",
    },
    "2": Object {
      "data": Object {
        "src": "/1.png",
      },
      "mutability": undefined,
      "type": "IMAGE",
    },
    "3": Object {
      "data": Object {
        "src": "/1.png",
      },
      "mutability": undefined,
      "type": "IMAGE",
    },
    "4": Object {
      "data": Object {
        "src": "/example.png",
      },
      "mutability": undefined,
      "type": "IMAGE",
    },
    "5": Object {
      "data": Object {
        "url": "www.example.com",
      },
      "mutability": undefined,
      "type": "LINK",
    },
    "6": Object {
      "data": Object {
        "url": "http://example.com/",
      },
      "mutability": undefined,
      "type": "LINK",
    },
    "7": Object {
      "data": Object {},
      "mutability": undefined,
      "type": "LINK",
    },
    "8": Object {
      "data": Object {},
      "mutability": undefined,
      "type": "LINK",
    },
  },
}
`;
