// Vitest Snapshot v1, https://vitest.dev/guide/snapshot.html

exports[`editor > #filterEditorState > works 1`] = `
{
  "blocks": [
    {
      "data": {},
      "depth": 0,
      "entityRanges": [
        {
          "key": 0,
          "length": 1,
          "offset": 0,
        },
      ],
      "inlineStyleRanges": [],
      "key": "a",
      "text": " ",
      "type": "atomic",
    },
    {
      "data": {},
      "depth": 0,
      "entityRanges": [
        {
          "key": 1,
          "length": 1,
          "offset": 0,
        },
      ],
      "inlineStyleRanges": [],
      "key": "b",
      "text": " ",
      "type": "atomic",
    },
    {
      "data": {},
      "depth": 0,
      "entityRanges": [],
      "inlineStyleRanges": [],
      "key": "c",
      "text": " ",
      "type": "unstyled",
    },
    {
      "data": {},
      "depth": 0,
      "entityRanges": [],
      "inlineStyleRanges": [],
      "key": "d",
      "text": "Star list",
      "type": "unordered-list-item",
    },
    {
      "data": {},
      "depth": 0,
      "entityRanges": [],
      "inlineStyleRanges": [],
      "key": "e",
      "text": "0",
      "type": "ordered-list-item",
    },
    {
      "data": {},
      "depth": 1,
      "entityRanges": [],
      "inlineStyleRanges": [],
      "key": "g",
      "text": "2",
      "type": "unordered-list-item",
    },
    {
      "data": {},
      "depth": 0,
      "entityRanges": [],
      "inlineStyleRanges": [],
      "key": "ab",
      "text": "Bullet 0",
      "type": "unordered-list-item",
    },
    {
      "data": {},
      "depth": 0,
      "entityRanges": [],
      "inlineStyleRanges": [],
      "key": "ac",
      "text": "Bullet 0",
      "type": "unordered-list-item",
    },
    {
      "data": {},
      "depth": 0,
      "entityRanges": [
        {
          "key": 2,
          "length": 1,
          "offset": 0,
        },
      ],
      "inlineStyleRanges": [],
      "key": "ad",
      "text": " ",
      "type": "atomic",
    },
    {
      "data": {},
      "depth": 1,
      "entityRanges": [],
      "inlineStyleRanges": [],
      "key": "ae",
      "text": "Bullet 1",
      "type": "unordered-list-item",
    },
    {
      "data": {},
      "depth": 1,
      "entityRanges": [],
      "inlineStyleRanges": [],
      "key": "af",
      "text": "Bullet 2",
      "type": "unordered-list-item",
    },
    {
      "data": {},
      "depth": 0,
      "entityRanges": [],
      "inlineStyleRanges": [],
      "key": "ag",
      "text": "Numbered 0",
      "type": "ordered-list-item",
    },
    {
      "data": {},
      "depth": 1,
      "entityRanges": [],
      "inlineStyleRanges": [],
      "key": "ah",
      "text": "Numbered 2",
      "type": "ordered-list-item",
    },
    {
      "data": {},
      "depth": 1,
      "entityRanges": [],
      "inlineStyleRanges": [],
      "key": "ai",
      "text": "Numbered 1",
      "type": "ordered-list-item",
    },
    {
      "data": {},
      "depth": 0,
      "entityRanges": [],
      "inlineStyleRanges": [],
      "key": "h",
      "text": "0",
      "type": "unordered-list-item",
    },
    {
      "data": {},
      "depth": 1,
      "entityRanges": [],
      "inlineStyleRanges": [],
      "key": "i",
      "text": "1",
      "type": "unordered-list-item",
    },
    {
      "data": {},
      "depth": 1,
      "entityRanges": [],
      "inlineStyleRanges": [],
      "key": "j",
      "text": "2",
      "type": "unordered-list-item",
    },
    {
      "data": {},
      "depth": 0,
      "entityRanges": [],
      "inlineStyleRanges": [],
      "key": "k",
      "text": "P",
      "type": "unstyled",
    },
    {
      "data": {},
      "depth": 0,
      "entityRanges": [],
      "inlineStyleRanges": [],
      "key": "l",
      "text": "UL",
      "type": "unordered-list-item",
    },
    {
      "data": {},
      "depth": 0,
      "entityRanges": [],
      "inlineStyleRanges": [],
      "key": "m",
      "text": "H1",
      "type": "unstyled",
    },
    {
      "data": {},
      "depth": 0,
      "entityRanges": [],
      "inlineStyleRanges": [
        {
          "length": 1,
          "offset": 0,
          "style": "BOLD",
        },
        {
          "length": 1,
          "offset": 2,
          "style": "BOLD",
        },
      ],
      "key": "n",
      "text": "tes",
      "type": "unstyled",
    },
    {
      "data": {},
      "depth": 0,
      "entityRanges": [
        {
          "key": 3,
          "length": 1,
          "offset": 0,
        },
      ],
      "inlineStyleRanges": [],
      "key": "o",
      "text": " ",
      "type": "atomic",
    },
    {
      "data": {},
      "depth": 0,
      "entityRanges": [
        {
          "key": 4,
          "length": 1,
          "offset": 0,
        },
      ],
      "inlineStyleRanges": [],
      "key": "p",
      "text": " ",
      "type": "atomic",
    },
    {
      "data": {},
      "depth": 0,
      "entityRanges": [
        {
          "key": 5,
          "length": 1,
          "offset": 0,
        },
      ],
      "inlineStyleRanges": [],
      "key": "t",
      "text": " ",
      "type": "atomic",
    },
    {
      "data": {},
      "depth": 0,
      "entityRanges": [
        {
          "key": 6,
          "length": 2,
          "offset": 0,
        },
      ],
      "inlineStyleRanges": [],
      "key": "u",
      "text": "test",
      "type": "unstyled",
    },
    {
      "data": {},
      "depth": 0,
      "entityRanges": [],
      "inlineStyleRanges": [],
      "key": "v",
      "text": "shouldRemoveImageEntity ",
      "type": "unstyled",
    },
    {
      "data": {},
      "depth": 0,
      "entityRanges": [
        {
          "key": 7,
          "length": 4,
          "offset": 0,
        },
      ],
      "inlineStyleRanges": [],
      "key": "x",
      "text": "link",
      "type": "unstyled",
    },
    {
      "data": {},
      "depth": 0,
      "entityRanges": [
        {
          "key": 8,
          "length": 4,
          "offset": 0,
        },
        {
          "key": 9,
          "length": 4,
          "offset": 5,
        },
      ],
      "inlineStyleRanges": [],
      "key": "y",
      "text": "link link",
      "type": "unstyled",
    },
    {
      "data": {},
      "depth": 0,
      "entityRanges": [],
      "inlineStyleRanges": [],
      "key": "z",
      "text": "So ft",
      "type": "unstyled",
    },
    {
      "data": {},
      "depth": 0,
      "entityRanges": [],
      "inlineStyleRanges": [
        {
          "length": 3,
          "offset": 0,
          "style": "BOLD",
        },
      ],
      "key": "aa",
      "text": "Ta bs",
      "type": "unstyled",
    },
  ],
  "entityMap": {
    "0": {
      "data": {
        "src": "/0.png",
      },
      "mutability": "IMMUTABLE",
      "type": "IMAGE",
    },
    "1": {
      "data": {
        "src": "/0.png",
      },
      "mutability": "IMMUTABLE",
      "type": "IMAGE",
    },
    "2": {
      "data": {
        "src": "/0.png",
      },
      "mutability": "IMMUTABLE",
      "type": "IMAGE",
    },
    "3": {
      "data": {
        "src": "/1.png",
      },
      "mutability": "IMMUTABLE",
      "type": "IMAGE",
    },
    "4": {
      "data": {
        "src": "/1.png",
      },
      "mutability": "IMMUTABLE",
      "type": "IMAGE",
    },
    "5": {
      "data": {
        "src": "/example.png",
      },
      "mutability": "IMMUTABLE",
      "type": "IMAGE",
    },
    "6": {
      "data": {
        "url": "www.example.com",
      },
      "mutability": "IMMUTABLE",
      "type": "LINK",
    },
    "7": {
      "data": {
        "url": "http://example.com/",
      },
      "mutability": "IMMUTABLE",
      "type": "LINK",
    },
    "8": {
      "data": {},
      "mutability": "IMMUTABLE",
      "type": "LINK",
    },
    "9": {
      "data": {},
      "mutability": "IMMUTABLE",
      "type": "LINK",
    },
  },
}
`;
