// Vitest Snapshot v1, https://vitest.dev/guide/snapshot.html

exports[`entities > #cloneEntities > works 1`] = `
{
  "blocks": [
    {
      "data": {},
      "depth": 0,
      "entityRanges": [
        {
          "key": 0,
          "length": 1,
          "offset": 0,
        },
      ],
      "inlineStyleRanges": [],
      "key": "a",
      "text": " ",
      "type": "atomic",
    },
    {
      "data": {},
      "depth": 0,
      "entityRanges": [
        {
          "key": 1,
          "length": 1,
          "offset": 0,
        },
      ],
      "inlineStyleRanges": [],
      "key": "b",
      "text": " ",
      "type": "atomic",
    },
    {
      "data": {},
      "depth": 0,
      "entityRanges": [
        {
          "key": 2,
          "length": 4,
          "offset": 0,
        },
      ],
      "inlineStyleRanges": [],
      "key": "c",
      "text": "test",
      "type": "unstyled",
    },
    {
      "data": {},
      "depth": 0,
      "entityRanges": [
        {
          "key": 3,
          "length": 5,
          "offset": 0,
        },
        {
          "key": 4,
          "length": 4,
          "offset": 5,
        },
      ],
      "inlineStyleRanges": [],
      "key": "d",
      "text": "test test",
      "type": "unstyled",
    },
  ],
  "entityMap": {
    "0": {
      "data": {
        "src": "/example.png",
      },
      "mutability": undefined,
      "type": "IMAGE",
    },
    "1": {
      "data": {
        "src": "/example.png",
      },
      "mutability": undefined,
      "type": "IMAGE",
    },
    "2": {
      "data": {
        "url": "www.example.com",
      },
      "mutability": undefined,
      "type": "LINK",
    },
    "3": {
      "data": {
        "url": "www.example.com",
      },
      "mutability": undefined,
      "type": "LINK",
    },
    "4": {
      "data": {
        "url": "www.example.com",
      },
      "mutability": undefined,
      "type": "LINK",
    },
  },
}
`;
