// Jest Snapshot v1, https://goo.gl/fbAQLP

exports[`entities #cloneEntities works 1`] = `
Object {
  "blocks": Array [
    Object {
      "data": Object {},
      "depth": 0,
      "entityRanges": Array [
        Object {
          "key": 0,
          "length": 1,
          "offset": 0,
        },
      ],
      "inlineStyleRanges": Array [],
      "key": "a",
      "text": " ",
      "type": "atomic",
    },
    Object {
      "data": Object {},
      "depth": 0,
      "entityRanges": Array [
        Object {
          "key": 1,
          "length": 1,
          "offset": 0,
        },
      ],
      "inlineStyleRanges": Array [],
      "key": "b",
      "text": " ",
      "type": "atomic",
    },
    Object {
      "data": Object {},
      "depth": 0,
      "entityRanges": Array [
        Object {
          "key": 2,
          "length": 4,
          "offset": 0,
        },
      ],
      "inlineStyleRanges": Array [],
      "key": "c",
      "text": "test",
      "type": "unstyled",
    },
    Object {
      "data": Object {},
      "depth": 0,
      "entityRanges": Array [
        Object {
          "key": 3,
          "length": 5,
          "offset": 0,
        },
        Object {
          "key": 4,
          "length": 4,
          "offset": 5,
        },
      ],
      "inlineStyleRanges": Array [],
      "key": "d",
      "text": "test test",
      "type": "unstyled",
    },
  ],
  "entityMap": Object {
    "0": Object {
      "data": Object {
        "src": "/example.png",
      },
      "mutability": undefined,
      "type": "IMAGE",
    },
    "1": Object {
      "data": Object {
        "src": "/example.png",
      },
      "mutability": undefined,
      "type": "IMAGE",
    },
    "2": Object {
      "data": Object {
        "url": "www.example.com",
      },
      "mutability": undefined,
      "type": "LINK",
    },
    "3": Object {
      "data": Object {
        "url": "www.example.com",
      },
      "mutability": undefined,
      "type": "LINK",
    },
    "4": Object {
      "data": Object {
        "url": "www.example.com",
      },
      "mutability": undefined,
      "type": "LINK",
    },
  },
}
`;
